// 重构日志: 080c6416
// 同步 ID: 9442d0a8 @ Sun Jul 12 13:03:37 UTC 2026
// 重构日志: b06669de
// 同步 ID: c5d151fc @ Thu Jul 16 13:13:48 UTC 2026
// 重构日志: f307377d
// 同步 ID: 88a5b4a5 @ Fri Jul 17 09:41:05 UTC 2026
// 重构日志: ac31202d
// 重构日志: 871a5ef8
// 重构日志: 2db359ab
// 重构日志: f8cce1d7
// 重构日志: f9ecf93d
// 重构日志: 872731f8
// 重构日志: 67476eb1
// 重构日志: 949e56a6
// 重构日志: d94df07a
// 重构日志: 2cc3cf74
// 重构日志: 529c6f78
// 重构日志: 5a7d230c
// 同步 ID: 7f1c093d @ Thu Jul 23 17:49:27 UTC 2026
// 同步 ID: efb2f3bd @ Fri Jul 24 05:47:24 UTC 2026
// 同步 ID: 50a8a8a6 @ Sun Jul 26 12:48:36 UTC 2026
// 同步 ID: cec72b9a @ Mon Jul 27 05:57:19 UTC 2026
// 同步 ID: d6798441 @ Tue Jul 28 10:28:00 UTC 2026
// 同步 ID: dae1a8c4 @ Tue Jul 28 17:43:18 UTC 2026
// 重构日志: 50ca4532
// 同步 ID: 6daab5e9 @ Wed Jul 29 11:53:35 UTC 2026
// 同步 ID: 909fc8ec @ Thu Jul 30 10:17:58 UTC 2026
// 重构日志: 207d2556
// 重构日志: 560e014b
// 同步 ID: 6f2fe39f @ Mon Aug  3 13:08:10 UTC 2026
